  Determining projects to restore...
  All projects are up-to-date for restore.
  MP5.Core -> C:\Users\razva\Documents\GitHub\Antidepresents\MP-5\src\MP5.Core\bin\Debug\net10.0\MP5.Core.dll
C:\Users\razva\Documents\GitHub\Antidepresents\MP-5\src\MP5.App\Services\MauiMusicPlayerService.cs(1,24): error CS0234: The type or namespace name 'Maui' does not exist in the namespace 'CommunityToolkit' (are you missing an assembly reference?) [C:\Users\razva\Documents\GitHub\Antidepresents\MP-5\src\MP5.App\MP5.App.csproj::TargetFramework=net10.0-windows10.0.19041.0]
C:\Users\razva\Documents\GitHub\Antidepresents\MP-5\src\MP5.App\Services\MauiMusicPlayerService.cs(18,28): error CS0246: The type or namespace name 'MediaElement' could not be found (are you missing a using directive or an assembly reference?) [C:\Users\razva\Documents\GitHub\Antidepresents\MP-5\src\MP5.App\MP5.App.csproj::TargetFramework=net10.0-windows10.0.19041.0]
C:\Users\razva\Documents\GitHub\Antidepresents\MP-5\src\MP5.App\Services\MauiMusicPlayerService.cs(32,48): error CS0246: The type or namespace name 'MediaFailedEventArgs' could not be found (are you missing a using directive or an assembly reference?) [C:\Users\razva\Documents\GitHub\Antidepresents\MP-5\src\MP5.App\MP5.App.csproj::TargetFramework=net10.0-windows10.0.19041.0]
C:\Users\razva\Documents\GitHub\Antidepresents\MP-5\src\MP5.App\Services\MauiMusicPlayerService.cs(12,13): error CS0246: The type or namespace name 'MediaElement' could not be found (are you missing a using directive or an assembly reference?) [C:\Users\razva\Documents\GitHub\Antidepresents\MP-5\src\MP5.App\MP5.App.csproj::TargetFramework=net10.0-windows10.0.19041.0]

Build FAILED.

C:\Users\razva\Documents\GitHub\Antidepresents\MP-5\src\MP5.App\Services\MauiMusicPlayerService.cs(1,24): error CS0234: The type or namespace name 'Maui' does not exist in the namespace 'CommunityToolkit' (are you missing an assembly reference?) [C:\Users\razva\Documents\GitHub\Antidepresents\MP-5\src\MP5.App\MP5.App.csproj::TargetFramework=net10.0-windows10.0.19041.0]
C:\Users\razva\Documents\GitHub\Antidepresents\MP-5\src\MP5.App\Services\MauiMusicPlayerService.cs(18,28): error CS0246: The type or namespace name 'MediaElement' could not be found (are you missing a using directive or an assembly reference?) [C:\Users\razva\Documents\GitHub\Antidepresents\MP-5\src\MP5.App\MP5.App.csproj::TargetFramework=net10.0-windows10.0.19041.0]
C:\Users\razva\Documents\GitHub\Antidepresents\MP-5\src\MP5.App\Services\MauiMusicPlayerService.cs(32,48): error CS0246: The type or namespace name 'MediaFailedEventArgs' could not be found (are you missing a using directive or an assembly reference?) [C:\Users\razva\Documents\GitHub\Antidepresents\MP-5\src\MP5.App\MP5.App.csproj::TargetFramework=net10.0-windows10.0.19041.0]
C:\Users\razva\Documents\GitHub\Antidepresents\MP-5\src\MP5.App\Services\MauiMusicPlayerService.cs(12,13): error CS0246: The type or namespace name 'MediaElement' could not be found (are you missing a using directive or an assembly reference?) [C:\Users\razva\Documents\GitHub\Antidepresents\MP-5\src\MP5.App\MP5.App.csproj::TargetFramework=net10.0-windows10.0.19041.0]
    0 Warning(s)
    4 Error(s)

Time Elapsed 00:00:06.04
